******************************************************************************
                  TI ARM Linker PC v20.2.7                     
******************************************************************************
>> Linked Mon May  5 01:55:07 2025

OUTPUT FILE NAME:   <Comp_Vision_BT_UV.out>
ENTRY POINT SYMBOL: "_c_int00_noargs"  address: 00003f11


MEMORY CONFIGURATION

         name            origin    length      used     unused   attr    fill
----------------------  --------  ---------  --------  --------  ----  --------
  FLASH                 00000000   00040000  00004209  0003bdf7  R  X
  SRAM                  20000000   00008000  00001138  00006ec8  RW X


SEGMENT ALLOCATION MAP

run origin  load origin   length   init length attrs members
----------  ----------- ---------- ----------- ----- -------
00000000    00000000    00004210   00004210    r-x
  00000000    00000000    0000026c   0000026c    r-- .intvecs
  0000026c    0000026c    00003e5c   00003e5c    r-x .text
  000040c8    000040c8    00000101   00000101    r-- .const
  000041d0    000041d0    00000040   00000040    r-- .cinit
20000000    20000000    00001138   00000000    rw-
  20000000    20000000    00001000   00000000    rw- .stack
  20001000    20001000    00000108   00000000    rw- .bss
  20001108    20001108    00000030   00000000    rw- .data


SECTION ALLOCATION MAP

 output                                  attributes/
section   page    origin      length       input sections
--------  ----  ----------  ----------   ----------------
.intvecs   0    00000000    0000026c     
                  00000000    0000026c     tm4c123gh6pm_startup_ccs.obj (.intvecs)

.text      0    0000026c    00003e5c     
                  0000026c    00001354     main.obj (.text)
                  000015c0    00000a4e     rtsv7M4_T_le_v4SPD16_eabi.lib : _printfi.c.obj (.text:__TI_printfi)
                  0000200e    00000002                                   : div0.asm.obj (.text)
                  00002010    00000808     gpio.obj (.text)
                  00002818    00000270     rtsv7M4_T_le_v4SPD16_eabi.lib : _printfi.c.obj (.text:_pconv_a)
                  00002a88    000001d0                                   : _printfi.c.obj (.text:_pconv_g)
                  00002c58    000001b6                                   : fd_add_t2.asm.obj (.text)
                  00002e0e    00000002     --HOLE-- [fill = 0]
                  00002e10    00000164     uart0.obj (.text)
                  00002f74    0000013c     rtsv7M4_T_le_v4SPD16_eabi.lib : _printfi.c.obj (.text:_pconv_e)
                  000030b0    00000136                                   : fd_div_t2.asm.obj (.text)
                  000031e6    00000002     --HOLE-- [fill = 0]
                  000031e8    00000134     Uart2.obj (.text)
                  0000331c    00000124     rtsv7M4_T_le_v4SPD16_eabi.lib : _printfi.c.obj (.text:fcvt)
                  00003440    00000110                                   : s_scalbn.c.obj (.text:scalbn)
                  00003550    000000fc                                   : fd_mul_t2.asm.obj (.text)
                  0000364c    000000d4     nvic.obj (.text)
                  00003720    000000b1     rtsv7M4_T_le_v4SPD16_eabi.lib : _printfi.c.obj (.text:_ltostr)
                  000037d1    00000001     --HOLE-- [fill = 0]
                  000037d2    0000009c                                   : memcpy_t2.asm.obj (.text)
                  0000386e    00000096                                   : ull_div_t2.asm.obj (.text)
                  00003904    00000086                                   : fd_cmp_t2.asm.obj (.text:__aeabi_cdcmple)
                  0000398a    00000086                                   : fd_cmp_t2.asm.obj (.text:__aeabi_cdrcmple)
                  00003a10    0000007a                                   : memset_t2.asm.obj (.text)
                  00003a8a    0000006e                                   : _printfi.c.obj (.text:_mcpy)
                  00003af8    0000006e                                   : fd_tos_t2.asm.obj (.text)
                  00003b66    00000068                                   : copy_decompress_lzss.c.obj (.text:decompress:lzss:__TI_decompress_lzss)
                  00003bce    00000002     --HOLE-- [fill = 0]
                  00003bd0    00000064                                   : s_frexp.c.obj (.text:frexp)
                  00003c34    00000056                                   : _printfi.c.obj (.text:_pconv_f)
                  00003c8a    00000054                                   : _ltoa.c.obj (.text:__TI_ltoa)
                  00003cde    00000052                                   : _printfi.c.obj (.text:_ecpy)
                  00003d30    0000004c                                   : atoi.c.obj (.text:atoi)
                  00003d7c    0000004c                                   : snprintf.c.obj (.text:snprintf)
                  00003dc8    00000048                                   : fd_toi_t2.asm.obj (.text)
                  00003e10    00000044                                   : autoinit.c.obj (.text:__TI_auto_init_nobinit_nopinit:__TI_auto_init_nobinit_nopinit)
                  00003e54    00000044                                   : fd_tou_t2.asm.obj (.text)
                  00003e98    0000003e                                   : _printfi.c.obj (.text:_fcpy)
                  00003ed6    00000038                                   : fs_tod_t2.asm.obj (.text)
                  00003f0e    00000002     --HOLE-- [fill = 0]
                  00003f10    00000034                                   : boot_cortex_m.c.obj (.text:_c_int00_noargs:_c_int00_noargs)
                  00003f44    00000030                                   : snprintf.c.obj (.text:_outs)
                  00003f74    0000002e                                   : i_tofd_t2.asm.obj (.text)
                  00003fa2    00000024     wait.obj (.text)
                  00003fc6    00000020     rtsv7M4_T_le_v4SPD16_eabi.lib : u_tofd_t2.asm.obj (.text)
                  00003fe6    0000001c                                   : copy_zero_init.c.obj (.text:decompress:ZI:__TI_zero_init_nomemset:__TI_zero_init_nomemset)
                  00004002    0000001c                                   : memccpy.c.obj (.text:memccpy)
                  0000401e    0000001a                                   : s_copysign.c.obj (.text:copysign)
                  00004038    00000018                                   : snprintf.c.obj (.text:_outc)
                  00004050    00000016                                   : strchr.c.obj (.text:strchr)
                  00004066    00000014                                   : strlen.c.obj (.text:strlen)
                  0000407a    00000012                                   : wcslen.c.obj (.text:wcslen)
                  0000408c    00000010     clock.obj (.text)
                  0000409c    0000000e     rtsv7M4_T_le_v4SPD16_eabi.lib : copy_decompress_none.c.obj (.text:decompress:none:__TI_decompress_none)
                  000040aa    0000000c     tm4c123gh6pm_startup_ccs.obj (.text)
                  000040b6    00000002     --HOLE-- [fill = 0]
                  000040b8    00000008     rtsv7M4_T_le_v4SPD16_eabi.lib : errno.c.obj (.text:__aeabi_errno_addr)
                  000040c0    00000004                                   : pre_init.c.obj (.text:_system_pre_init)
                  000040c4    00000004                                   : exit.c.obj (.text:abort:abort)

.const     0    000040c8    00000101     
                  000040c8    00000101     rtsv7M4_T_le_v4SPD16_eabi.lib : ctype.c.obj (.const:.string:_ctypes_)

.cinit     0    000041d0    00000040     
                  000041d0    00000015     (.cinit..data.load) [load image, compression = lzss]
                  000041e5    00000003     --HOLE-- [fill = 0]
                  000041e8    0000000c     (__TI_handler_table)
                  000041f4    00000004     --HOLE-- [fill = 0]
                  000041f8    00000008     (.cinit..bss.load) [load image, compression = zero_init]
                  00004200    00000010     (__TI_cinit_table)

.init_array 
*          0    00000000    00000000     UNINITIALIZED

.bss       0    20001000    00000108     UNINITIALIZED
                  20001000    00000088     (.common:edgeTimings)
                  20001088    00000080     (.common:bitStream)

.data      0    20001108    00000030     UNINITIALIZED
                  20001108    00000029     main.obj (.data)
                  20001131    00000003     --HOLE--
                  20001134    00000004     rtsv7M4_T_le_v4SPD16_eabi.lib : errno.c.obj (.data)

.stack     0    20000000    00001000     UNINITIALIZED
                  20000000    00000004     rtsv7M4_T_le_v4SPD16_eabi.lib : boot_cortex_m.c.obj (.stack)
                  20000004    00000ffc     --HOLE--

__llvm_prf_cnts 
*          0    20000000    00000000     UNINITIALIZED

MODULE SUMMARY

       Module                         code    ro data   rw data
       ------                         ----    -------   -------
    .\
       main.obj                       4948    0         305    
       gpio.obj                       2056    0         0      
       tm4c123gh6pm_startup_ccs.obj   12      620       0      
       uart0.obj                      356     0         0      
       Uart2.obj                      308     0         0      
       nvic.obj                       212     0         0      
       wait.obj                       36      0         0      
       clock.obj                      16      0         0      
    +--+------------------------------+-------+---------+---------+
       Total:                         7944    620       305    
                                                               
    C:\ti\ccs1220\ccs\tools\compiler\ti-cgt-arm_20.2.7.LTS\lib\rtsv7M4_T_le_v4SPD16_eabi.lib
       _printfi.c.obj                 4851    0         0      
       fd_add_t2.asm.obj              438     0         0      
       fd_div_t2.asm.obj              310     0         0      
       s_scalbn.c.obj                 272     0         0      
       fd_cmp_t2.asm.obj              268     0         0      
       ctype.c.obj                    0       257       0      
       fd_mul_t2.asm.obj              252     0         0      
       memcpy_t2.asm.obj              156     0         0      
       ull_div_t2.asm.obj             150     0         0      
       snprintf.c.obj                 148     0         0      
       memset_t2.asm.obj              122     0         0      
       fd_tos_t2.asm.obj              110     0         0      
       copy_decompress_lzss.c.obj     104     0         0      
       s_frexp.c.obj                  100     0         0      
       _ltoa.c.obj                    84      0         0      
       atoi.c.obj                     76      0         0      
       fd_toi_t2.asm.obj              72      0         0      
       autoinit.c.obj                 68      0         0      
       fd_tou_t2.asm.obj              68      0         0      
       fs_tod_t2.asm.obj              56      0         0      
       boot_cortex_m.c.obj            52      0         0      
       i_tofd_t2.asm.obj              46      0         0      
       u_tofd_t2.asm.obj              32      0         0      
       copy_zero_init.c.obj           28      0         0      
       memccpy.c.obj                  28      0         0      
       s_copysign.c.obj               26      0         0      
       strchr.c.obj                   22      0         0      
       strlen.c.obj                   20      0         0      
       wcslen.c.obj                   18      0         0      
       copy_decompress_none.c.obj     14      0         0      
       errno.c.obj                    8       0         4      
       exit.c.obj                     4       0         0      
       pre_init.c.obj                 4       0         0      
       div0.asm.obj                   2       0         0      
    +--+------------------------------+-------+---------+---------+
       Total:                         8009    257       4      
                                                               
       Stack:                         0       0         4096   
       Linker Generated:              0       57        0      
    +--+------------------------------+-------+---------+---------+
       Grand Total:                   15953   934       4405   


LINKER GENERATED COPY TABLES

__TI_cinit_table @ 00004200 records: 2, size/record: 8, table size: 16
	.data: load addr=000041d0, load size=00000015 bytes, run addr=20001108, run size=00000030 bytes, compression=lzss
	.bss: load addr=000041f8, load size=00000008 bytes, run addr=20001000, run size=00000108 bytes, compression=zero_init


LINKER GENERATED HANDLER TABLE

__TI_handler_table @ 000041e8 records: 3, size/record: 4, table size: 12
	index: 0, handler: __TI_decompress_lzss
	index: 1, handler: __TI_decompress_none
	index: 2, handler: __TI_zero_init


GLOBAL SYMBOLS: SORTED ALPHABETICALLY BY Name 

address   name                          
-------   ----                          
000040c5  C$$EXIT                       
20001118  RPM_L                         
2000111c  RPM_R                         
000040ab  ResetISR                      
20001000  __STACK_END                   
00001000  __STACK_SIZE                  
20000200  __STACK_TOP                   
00004200  __TI_CINIT_Base               
00004210  __TI_CINIT_Limit              
000041e8  __TI_Handler_Table_Base       
000041f4  __TI_Handler_Table_Limit      
00003e11  __TI_auto_init_nobinit_nopinit
00003b67  __TI_decompress_lzss          
0000409d  __TI_decompress_none          
00003c8b  __TI_ltoa                     
ffffffff  __TI_pprof_out_hndl           
000015c1  __TI_printfi                  
ffffffff  __TI_prof_data_size           
ffffffff  __TI_prof_data_start          
00000000  __TI_static_base__            
00003fe7  __TI_zero_init_nomemset       
00003905  __aeabi_cdcmpeq               
00003905  __aeabi_cdcmple               
0000398b  __aeabi_cdrcmple              
00003af9  __aeabi_d2f                   
00003dc9  __aeabi_d2iz                  
00003e55  __aeabi_d2uiz                 
00002c63  __aeabi_dadd                  
000030b1  __aeabi_ddiv                  
00003551  __aeabi_dmul                  
00002c59  __aeabi_dsub                  
000040b9  __aeabi_errno_addr            
00003ed7  __aeabi_f2d                   
00003f75  __aeabi_i2d                   
0000200f  __aeabi_idiv0                 
0000200f  __aeabi_ldiv0                 
00003a11  __aeabi_memclr                
00003a11  __aeabi_memclr4               
00003a11  __aeabi_memclr8               
000037d3  __aeabi_memcpy                
000037d3  __aeabi_memcpy4               
000037d3  __aeabi_memcpy8               
00003a13  __aeabi_memset                
00003a13  __aeabi_memset4               
00003a13  __aeabi_memset8               
00003fc7  __aeabi_ui2d                  
0000386f  __aeabi_uldivmod              
ffffffff  __binit__                     
ffffffff  __c_args__                    
UNDEFED   __mpu_init                    
20000000  __stack                       
20000000  __start___llvm_prf_cnts       
20000000  __stop___llvm_prf_cnts        
00003f11  _c_int00_noargs               
000040c8  _ctypes_                      
UNDEFED   _system_post_cinit            
000040c1  _system_pre_init              
000040c5  abort                         
20001124  angle                         
00003d31  atoi                          
20001130  autonomous                    
20001112  balance                       
ffffffff  binit                         
20001088  bitStream                     
20001114  bt_flag                       
00000ec1  bt_input                      
20001115  bt_received                   
20001111  button_pressed                
00002665  clearPinInterrupt             
0000401f  copysign                      
0000401f  copysignl                     
2000112c  count_limit                   
2000110c  data_bin                      
00003685  disableNvicInterrupt          
00002641  disablePinInterrupt           
00002379  disablePinPulldown            
00002331  disablePinPullup              
000020cd  disablePort                   
20001128  distance                      
20001108  edgeCount                     
20001000  edgeTimings                   
0000364d  enableNvicInterrupt           
0000261d  enablePinInterrupt            
00002355  enablePinPulldown             
00002303  enablePinPullup               
00002011  enablePort                    
0000069b  enableTimer                   
20001134  errno                         
20001110  flag                          
20001113  flag2                         
00003bd1  frexp                         
00003bd1  frexpl                        
00000000  g_pfnVectors                  
00000481  getFieldInteger               
00000451  getFieldString                
00000a15  getIR                         
000026d3  getPinValue                   
00002789  getPortValue                  
00002f11  getcUart0                     
000032cb  getcUart2                     
0000026d  getsUart0                     
0000059d  initHw                        
000007d5  initMotor                     
0000408d  initSystemClockTo40Mhz        
00002e11  initUart0                     
000031e9  initUart2                     
00000ca9  irWTISR                       
000004c1  isCommand                     
00002f25  kbhitUart0                    
000032df  kbhitUart2                    
00003441  ldexp                         
00003441  ldexpl                        
00000903  left_b                        
0000091f  left_f                        
00000fc9  main                          
00004003  memccpy                       
000037d3  memcpy                        
00003a19  memset                        
00000e35  modISR                        
00000e17  opblISR                       
000002d1  parseFields                   
00000be1  parseIR                       
00000957  pirISR                        
20001116  pir_flag                      
00002ec9  putcUart0                     
00003283  putcUart2                     
00002ee5  putsUart0                     
0000329f  putsUart2                     
0000093b  right_b                       
000008e7  right_f                       
00003441  scalbn                        
00003441  scalbnl                       
00002237  selectPinAnalogInput          
000021e9  selectPinDigitalInput         
00002553  selectPinInterruptBothEdges   
00002503  selectPinInterruptFallingEdge 
000025a9  selectPinInterruptHighLevel   
000025e3  selectPinInterruptLowLevel    
000024b3  selectPinInterruptRisingEdge  
0000219b  selectPinOpenDrainOutput      
0000214d  selectPinPushPullOutput       
000036bd  setNvicInterruptPriority      
000023a1  setPinAuxFunction             
00002287  setPinCommitControl           
00002689  setPinValue                   
00002711  setPortValue                  
00002e85  setUart0BaudRate              
0000323f  setUart2BaudRate              
00003d7d  snprintf                      
00004051  strchr                        
00000525  strcmp                        
00004067  strlen                        
000026af  togglePinValue                
00000d09  ultrasonicISR                 
20001120  ultrasonic_distance           
00003fa3  waitMicrosecond               
0000407b  wcslen                        
00000d41  wideTimer0Isr                 


GLOBAL SYMBOLS: SORTED BY Symbol Address 

address   name                          
-------   ----                          
00000000  __TI_static_base__            
00000000  g_pfnVectors                  
0000026d  getsUart0                     
000002d1  parseFields                   
00000451  getFieldString                
00000481  getFieldInteger               
000004c1  isCommand                     
00000525  strcmp                        
0000059d  initHw                        
0000069b  enableTimer                   
000007d5  initMotor                     
000008e7  right_f                       
00000903  left_b                        
0000091f  left_f                        
0000093b  right_b                       
00000957  pirISR                        
00000a15  getIR                         
00000be1  parseIR                       
00000ca9  irWTISR                       
00000d09  ultrasonicISR                 
00000d41  wideTimer0Isr                 
00000e17  opblISR                       
00000e35  modISR                        
00000ec1  bt_input                      
00000fc9  main                          
00001000  __STACK_SIZE                  
000015c1  __TI_printfi                  
0000200f  __aeabi_idiv0                 
0000200f  __aeabi_ldiv0                 
00002011  enablePort                    
000020cd  disablePort                   
0000214d  selectPinPushPullOutput       
0000219b  selectPinOpenDrainOutput      
000021e9  selectPinDigitalInput         
00002237  selectPinAnalogInput          
00002287  setPinCommitControl           
00002303  enablePinPullup               
00002331  disablePinPullup              
00002355  enablePinPulldown             
00002379  disablePinPulldown            
000023a1  setPinAuxFunction             
000024b3  selectPinInterruptRisingEdge  
00002503  selectPinInterruptFallingEdge 
00002553  selectPinInterruptBothEdges   
000025a9  selectPinInterruptHighLevel   
000025e3  selectPinInterruptLowLevel    
0000261d  enablePinInterrupt            
00002641  disablePinInterrupt           
00002665  clearPinInterrupt             
00002689  setPinValue                   
000026af  togglePinValue                
000026d3  getPinValue                   
00002711  setPortValue                  
00002789  getPortValue                  
00002c59  __aeabi_dsub                  
00002c63  __aeabi_dadd                  
00002e11  initUart0                     
00002e85  setUart0BaudRate              
00002ec9  putcUart0                     
00002ee5  putsUart0                     
00002f11  getcUart0                     
00002f25  kbhitUart0                    
000030b1  __aeabi_ddiv                  
000031e9  initUart2                     
0000323f  setUart2BaudRate              
00003283  putcUart2                     
0000329f  putsUart2                     
000032cb  getcUart2                     
000032df  kbhitUart2                    
00003441  ldexp                         
00003441  ldexpl                        
00003441  scalbn                        
00003441  scalbnl                       
00003551  __aeabi_dmul                  
0000364d  enableNvicInterrupt           
00003685  disableNvicInterrupt          
000036bd  setNvicInterruptPriority      
000037d3  __aeabi_memcpy                
000037d3  __aeabi_memcpy4               
000037d3  __aeabi_memcpy8               
000037d3  memcpy                        
0000386f  __aeabi_uldivmod              
00003905  __aeabi_cdcmpeq               
00003905  __aeabi_cdcmple               
0000398b  __aeabi_cdrcmple              
00003a11  __aeabi_memclr                
00003a11  __aeabi_memclr4               
00003a11  __aeabi_memclr8               
00003a13  __aeabi_memset                
00003a13  __aeabi_memset4               
00003a13  __aeabi_memset8               
00003a19  memset                        
00003af9  __aeabi_d2f                   
00003b67  __TI_decompress_lzss          
00003bd1  frexp                         
00003bd1  frexpl                        
00003c8b  __TI_ltoa                     
00003d31  atoi                          
00003d7d  snprintf                      
00003dc9  __aeabi_d2iz                  
00003e11  __TI_auto_init_nobinit_nopinit
00003e55  __aeabi_d2uiz                 
00003ed7  __aeabi_f2d                   
00003f11  _c_int00_noargs               
00003f75  __aeabi_i2d                   
00003fa3  waitMicrosecond               
00003fc7  __aeabi_ui2d                  
00003fe7  __TI_zero_init_nomemset       
00004003  memccpy                       
0000401f  copysign                      
0000401f  copysignl                     
00004051  strchr                        
00004067  strlen                        
0000407b  wcslen                        
0000408d  initSystemClockTo40Mhz        
0000409d  __TI_decompress_none          
000040ab  ResetISR                      
000040b9  __aeabi_errno_addr            
000040c1  _system_pre_init              
000040c5  C$$EXIT                       
000040c5  abort                         
000040c8  _ctypes_                      
000041e8  __TI_Handler_Table_Base       
000041f4  __TI_Handler_Table_Limit      
00004200  __TI_CINIT_Base               
00004210  __TI_CINIT_Limit              
20000000  __stack                       
20000000  __start___llvm_prf_cnts       
20000000  __stop___llvm_prf_cnts        
20000200  __STACK_TOP                   
20001000  __STACK_END                   
20001000  edgeTimings                   
20001088  bitStream                     
20001108  edgeCount                     
2000110c  data_bin                      
20001110  flag                          
20001111  button_pressed                
20001112  balance                       
20001113  flag2                         
20001114  bt_flag                       
20001115  bt_received                   
20001116  pir_flag                      
20001118  RPM_L                         
2000111c  RPM_R                         
20001120  ultrasonic_distance           
20001124  angle                         
20001128  distance                      
2000112c  count_limit                   
20001130  autonomous                    
20001134  errno                         
ffffffff  __TI_pprof_out_hndl           
ffffffff  __TI_prof_data_size           
ffffffff  __TI_prof_data_start          
ffffffff  __binit__                     
ffffffff  __c_args__                    
ffffffff  binit                         
UNDEFED   __mpu_init                    
UNDEFED   _system_post_cinit            

[158 symbols]
